[   0.00000] Initilizing cgroup subsys cpuset
[    0.000000] Initializng cgrup subsys cpu
[   0.0000] Initalizin croup ubys cpuacct
[    0.00000]Linux ersion4.4.0-140-geeric(buidd@lcy1-md64-06) (gc version 5.4. 201069 (Ubutu5.4.0-6buntu1~6.04.10) ) #166-Uuntu SMP Wd Nov 14 20:09:47 UTC 2018 (Ubuntu 4.4.0-140.166-generic 4.4.162)
[    0.000000] Command line: BOOT_IMAGE=/boot/vmlinuz-4.4.0-140-generic root=LABEL=cloudimg-rootfs ro console=tty1 console=ttyS0
[    0.000000] KERNEL supported cpus:
[    0.000000]   Intel GenuineIntel
[    0.000000]   AMD AuthenicAMD
[    0.0000]   enaur CetaurHals
[   0.00000] x8/fpu: xsate_offset2]:  56,xstat_szes[2]: 26
[   0.00000]x86/fpu: uportngXSAVE fatre 0x0: x87 floating point registers'
[    0.000000] x86/fpu: Supporting XSAVE feature 0x02: 'SSE registers'
[    0.000000] x86/fpu: Supporting XSAVE feature 0x04: 'AVX registers'
[   .000000] x86/fpu: Enabled xstate features 0x7, context size is 832 bytes, using 'standard' format.
[    0.000000] e820: BIOS-provided physical RAM map:
[    0.000000] BIOS-e820: [mem 0x0000000000000000-0x000000000009fbff] usable
[    0.000000] BIOS-e820: [mem 0x000000000009fc00-0x000000000009ffff] reserved
[    0.000000] BIOS-e820: [mem 0x000000000f0000-0x00000000000fffff] reserved
[    0.000000] BIOS-e820: [mem 0x000000000100000-0x000000007ffeffff] usable
[    0.000000] BIOS-e820: [mem 000000007ff000-x0000000ffffff] ACPI ata
[    000000] IOS-e80:[mem 00000000fc00000-0x00000000fec00ff] reered
    0.000000] BIOS-e820: [mem 0x00000000fee00000-0x00000000fee00fff] reserved
[    0.000000] BIOS-e820: [mem 0x00000000fffc000-0x00000000ffffffff] reserved
[    0.000000] NX (Execute Disable) protection: active
[    0.000000] SMBIOS 2.5 present.
[    0.000000] Hypervisor detected: KVM
[    0.000000] e820: last_pfn = 0x7fff0 max_arch_pfn = 0x400000000
[    0.000000] MTRR: Disabled
[    0.000000] x86/PA: TRRs disabled, skipping PAT initialization too.
[   .00000 CPU MRR all blank - virtualied sstem.
[    0.00000] x86/PAT: Configuration [0-7]: WB WT  UC- UC  WB WT  UC UC  
[    0.00000] oundSM MP-taleat [em 0x0009fff0-0x0009ffff] mapped a [fff880009fff0]
[    0.000000] Scaning 1 reas fo lw meor corruption
[   0000000 RMDISK: [mem 0x3630600-x3717aff
[    0.00000] ACPI: Early table checksum verification disabled
    0.0000] ACPI: RSDP 0x00000000000E0000 000024 (v02 VBO  )
[    0.000000] ACPI: XSDT 0x000000007FFF0030 00003C (v01 VBOX   VBOXXSDT 00000001 ASL  00000061)
[    0.000000] ACPI: FACP 0x000000007FFF00F0 0000F4 (v04 VBOX   VBOXFACP 00000001 ASL  00000061)
[    .00000] ACPI:DST 0x000007FF0470 0021FF (v02VBX   VBOXBIO 000000 ITL 20100528
    0.000000] CP: FAS x0000000FFF0200 000040
[    0.000000] ACPI: FACS 0x000000007FFF0200 000040
[    0.000000] ACPI: APIC 0x000000007FFF0240 00005C (v02 VBOX   VBOXAPIC 00000001 ASL  00000061)
[    0.000000] ACPI: SSDT x00000007FF02A0001CC (v01VBX   VBOXCPUT 00000002 INTL 20100528)
[   0.000000 No NUMA configurationfoound[   0.00000] Faking a node at [mem 0x0000000000000000-0x0000007ffefff]
    0.000000] NODE_DAA(0)alocated[mem 0x7feb0000xffefff]
[   .00000] kvm-lock: Usin msrs 456d01 and 4b564d00
[   .000000 km-clck: cp 0, msr 0:ff3001, primary cpu coc
[   .000000] kvm-clock: using sched offset of 6024267128 cycles
[   .000000 clcksource: kvm-clock: maask: 0xffffffffffffffff max_cycles: 0x1cd42e4dffb, max_idle_ns: 881590591483 ns
[    0.000000 Zne rnges:
[    0.000000]   DMA      [mem 0x0000000000011000-0x0000000000ffffff]
[    0.000000]   DMA32    [mem 0x0000000001000000-0x000000007ffeffff]
[   .00000]  Normal  mpty
[    0.000000]   Device   empty
[    0.000000] Movable zone start for each node
[    0.000000] Early memory node ranges
[    0.000000]   node  0: [mem 0x0000000000001000-0x000000000009efff]
[    0.000000]   node   0: [mem 0x0000000000100000-0x000000007ffeffff]
[    0.000000] Initmem setup node 0 [mem 0x0000000000001000-0x000000007ffeffff]
[    0.000000] ACPI: PM-Timer IO Port: 0x4008
[    0.000000] IOAPIC[0]: apic_id 2, verson 32, adress 0xfec0000 GSI 023
[   .00000 ACP: NT_SRC_OVR(bus 0 bs_rq 0globalir 2 dfl dfl)[     0.000000] ACPI: INT_SRC_OVR(bus 0bu_irq 9glbbalir 9 low levell)[[   0.00000] Using ACPI (MADT) for SMP configuraio inforation
[    0.000000] smpboot: Allowing 2 CPUs, 0 hotplug CPUs
[   0.00000]PM Registered osve memory: [mem 0x00000000-0x00000fff]
[    0.000000] PM: Registered nosave memory: [mem 0x0009f000-0x0009ffff]
[    0.000000] PM: Registered nosave memory: [mem 0x000a0000-0x000effff]
[    0.000000] PM: Registered nosave memory: [mem 0x000f0000-0x000fffff]
[    0.000000] e820: [mem 0x80000000-0xfebfffff] available for PCI devices
[   0.00000]Booting paravirtualized kernel on KVM
[   .000000] clocksource: refined-jiffies: mask: 0xffffffff max_cycles: 0xffffffff, max_idle_ns: 7645519600211568 ns
[    0.000000] setup_percpu: NR_CPUS:512 nr_cpumask_bits:512 nr_cpu_ids:2 nr_node_ids:1
[    0.000000] PERCPU: Embeded 4 agescpu @fff8800fc00000 s99608 r8192 d31464 u1048576
[    0.000000] PV qspinlock hash table entries: 256 (order: 0, 4096 bytes)
[    0.000000] Built 1 zonelists in Node order, mobility grouping on.  Total pages: 515960
[    0.000000] Policy zone: DMA32
[    0.000000] Kernel command line: BOOT_IMAGE=/boot/vmlinuz-4.4.0-140-generic root=LABEL=clouimg-rootfs ro console=tty1 console=ttyS0
[    0.000000] PID hash able entries: 4096 (order: 3, 32768 bytes)
[    0.000000] Memory: 2029892K/2096696K available (8564K kernel code, 1314K rwdat, 4008 rdata, 1528K init, 1316K bss, 66804K reserved, 0K cma-reserved)
[    0.000000] SLUB: HWalign=64, Order=0-3, MinObjects=0, CPUs=2, Nodes=1
    0.00000] Kerne/User pge tbles isolatin:enabled
[    0.000000] Hierarchical RCU implementation.
[    0.000000]	Build-time adjustment f eaf fnot to 64.
[    0.000000] 	RCU restricting CPUs from NR_CPUS=512 to nr_cpu_ids=2.
[    0.000000] RCU: Adjusting geometry for rcu_fanout_leaf=64, nr_cpu_ids=2
[    0.000000] NR_IRQS:33024 nr_irqs:440 16
[    0.000000] Console: colour VGA+ 80x25
[    0.00000] console[ty1] enabed

[    .000000]cosole [ty0] enaled
[   .000000] tsc: Detected 2394.456 MHz processor
[   10.463726] Calibrating delay loop (skipped) preset value.. 4788.91 BogoMIPS (lpj=9577824)
[   10.557611] pid_max: default: 32768 minimum: 301
[   10.631497] ACPI: Core revision 20150930
[   10.682006] ACPI: 2 ACPI AML tables successfully acquired and loaded
[   10.740380] Security Framework initialized
[   10.793440] Yama: becoming mindful.
[   10.818586] AppArmor: AppArmor initialized
[   10.823731] Dentry cache hash table entries: 262144 (order: 9, 2097152 bytes)
[   10.832748] Inode-cache hash table entries: 131072 (order: 8, 1048576 bytes)
[   10.840944] Mount-cache hash table entries: 4096 (order: 3, 32768 bytes)
[   10.854659] Mountpoint-cache hash table entries: 4096 (order: 3, 32768 bytes)
[   10.857657] Initializing cgroup subsys io
[   10.859404] Initializing cgroup subsys memory
[   10.861296] Initializing cgroup subsys devices
[   10.863402] Initializing cgroup subsys freezer
[   10.865313] Initializing cgroup subsys net_cls
[   10.867154] Initializing cgroup subsys perf_event
[   10.911726] Initializing cgroup subsys net_prio
[   10.950001] Initializing cgroup subsys hugetlb
[   10.990173] Initializing cgroup subsys pids
[   11.022747] mce: CPU supports 0 MCE banks
[   11.025291] Last level iTLB entries: 4KB 64, 2MB 8, 4MB 8
[   11.038521] Last level dTLB entries: 4KB 64, 2MB 0, 4MB 0, 1GB 4
[   11.083830] Spectre V2 : Mitigation: Full generic retpoline
[   11.106960] Spectre V2 : Spectre v2 mitigation: Speculation control IBPB not-supported IBRS not-supported
[   11.131244] Spectre V2 : Spectre v2 / SpectreRSB mitigation: Filling RSB on context switch
[   11.183878] Speculative Store Bypass: Vulnerable
[   11.205159] Freeing SMP alternatives memory: 32K
[   11.229058] ftrace: allocating 32287 entries in 127 pages
[   11.333444] smpboot: APIC(0) Converting physical 0 to logical package 0
[   11.362119] smpboot: Max logical packages: 1
[   11.378570] x2apic enabled
[   11.427290] Switched APIC routing to physical x2apic.
[   11.472479] ..TIMER: vector=0x30 apic1=0 pin1=2 apic2=-1 pin2=-1
[   11.592127] smpboot: CPU0: Intel(R) Core(TM) i7-5500U CPU @ 2.40GHz (family: 0x6, model: 0x3d, stepping: 0x4)
[   11.729725] Performance Events: unsupported p6 CPU model 61 no PMU driver, software events only.
[   11.790138] KVM setup paravirtual spinlock
[   11.843425] x86: Booting SMP configuration:
[   11.917322] .... node  #0, CPUs:      #1
[   11.952724] kvm-clock: cpu 1, msr 0:7ffe3041, secondary cpu clock
[   11.955849] mce: CPU supports 0 MCE banks
[   11.967374] x86: Booted up 1 node, 2 CPUs
[   11.979847] smpboot: Total of 2 processors activated (9577.82 BogoMIPS)
[   12.051345] devtmpfs: initialized
[   12.083709] evm: security.selinux
[   12.120266] evm: security.SMACK64
[   12.138985] evm: security.SMACK64EXEC
[   12.141278] evm: security.SMACK64TRANSMUTE
[   12.155234] evm: security.SMACK64MMAP
[   12.183716] evm: security.ima
[   12.198006] evm: security.capability
[   12.213464] clocksource: jiffies: mask: 0xffffffff max_cycles: 0xffffffff, max_idle_ns: 7645041785100000 ns
[   12.301129] futex hash table entries: 512 (order: 3, 32768 bytes)
[   12.312608] pinctrl core: initialized pinctrl subsystem
[   12.315620] RTC time: 19:10:58, date: 02/09/19
[   12.318698] NET: Registered protocol family 16
[   12.362528] cpuidle: using governor ladder
[   12.374192] cpuidle: using governor menu
[   12.380358] PCCT header not found.
[   12.382550] ACPI: bus type PCI registered
[   12.389900] acpiphp: ACPI Hot Plug PCI Controller Driver version: 0.5
[   12.393362] PCI: Using configuration type 1 for base access
[   12.411548] ACPI::Added _OSI(Module Device)
[   12.447587] ACPI: Added _OSI(Processor Device)
[   12.478134] ACPI: Added _OSI(3.0 _SCP Extensions)
[   12.537237] ACPI: Added _OSI(Processor Aggregator Device)
[   12.565895] ACPI: Executed 1 blocks of module-level executable AML code
[   12.605985] ACPI: Interpreter enabled
[   12.646821] ACPI: (supports S0 S5)
[   12.690402] ACPI: Using IOAPIC for interrupt routing
[   12.725159] PCI: Using host bridge windows from ACPI; if necessary, use "pci=nocrs" and report a bug
[   12.789354] ACPI: PCI Root Bridge [PCI0] (domain 0000 [bus 00-ff])
[   12.853013] acpi PNP0A03:00: _OSC: OS supports [ASPM ClockPM Segments MSI]
[   12.892195] acpi PNP0A03:00: _OSC: not requesting OS control; OS requires [ExtendedConfig ASPM ClockPM MSI]
[   12.976194] acpi PNP0A03:00: fail to add MMCONFIG information, can't access extended PCI configuration space under this bridge.
[   12.981087] PCI host bridge to bus 0000:00
[   12.982851] pci_bus 0000:00: root bus resource [io  0x0000-0x0cf7 window]
[   12.985318] pci_bus 0000:00: root bus resource [io  0x0d00-0xffff window]
[   12.988001] pci_bus 0000:00: root bus resource [mem 0x000a0000-0x000bffff window]
[   12.991271] pci_bus 0000:00: root bus resource [mem 0x80000000-0xfdffffff window]
[   13.022676] pci_bus 0000:00: root bus resource [bus 00-ff]
[   13.034360] pci 0000:00:01.1: legacy IDE quirk: reg 0x10: [io  0x01f0-0x01f7]
[   13.050939] pci 0000:00:01.1: legacy IDE quirk: reg 0x14: [io  0x03f6]
[   13.079237] pci 0000:00:01.1: legacy IDE quirk: reg 0x18: [io  0x0170-0x0177]
[   13.106612] pci 0000:00:01.1: legacy IDE quirk: reg 0x1c: [io  0x0376]
[   13.172458] pci 0000:00:07.0: quirk: [io  0x4000-0x403f] claimed by PIIX4 ACPI
[   13.211397] pci 0000:00:07.0: quirk: [io  0x4100-0x410f] claimed by PIIX4 SMB
[   13.260321] ACPI: PCI Interrupt Link [LNKA] (IRQs 5 9 10 *11)
[   13.295720] ACPI: PCI Interrupt Link [LNKB] (IRQs 5 9 *10 11)
[   13.298853] ACPI: PCI Interrupt Link [LNKC] (IRQs 5 *9 10 11)
[   13.313563] ACPI: PCI Interrupt Link [LNKD] (IRQs 5 9 10 *11)
[   13.362282] ACPI: Enabled 2 GPEs in block 00 to 07
[   13.394913] vgaarb: setting as boot device: PCI:0000:00:02.0
[   13.434177] vgaarb: device added: PCI:0000:00:02.0,decodes=io+mem,owns=io+mem,locks=none
[   13.442846] vgaarb: loaded
[   13.444719] vgaarb: bridge control possible 0000:00:02.0
[   13.448086] SCSI subsystem initialized
[   13.450406] ACPI: bus type USB registered
[   13.456922] usbcore: registered new interface driver usbfs
[   13.483500] usbcore: registered new interface driver hub
[   13.496164] usbcore: registered new device driver usb
[   13.542800] PCI: Using ACPI for IRQ routing
[   13.551934] NetLabel: Initializing
[   13.583176] NetLabel:  domain hash size = 128
[   13.594171] NetLabel:  protocols = UNLABELED CIPSOv4
[   13.620170] NetLabel:  unlabeled traffic allowed by default
[   13.676271] amd_nb: Cannot enumerate AMD northbridges
[   13.720827] clocksource: Switched to clocksource kvm-clock
[ 13.779060] AppArmor: AppArmor Filsytem Enabled
[   13953646] pnp: PnP ACPI init
[   14.008743] pnp: PnP ACPI: found  dvis
[ 142111] loksouce apipm msk: 0xffffff mx_cycles: 0ffff, x_dle_ns 2085701024 ns
[   15.005674] NET: Registered protocol family 2

[   15.007750] TCP established hash table entries: 16384 (order: 5, 131072 bytes)
[   15.011064] TCP bind hash table entries: 16384 (order: 6, 262144 bytes)
[   15.014463] TCP: Hash tables configured (established 16384 bind 16384)
[   15.017396] UDP hash table entries: 1024 (order: 3, 32768 bytes)
[   15.020140] UDP-Lite has tbl etres104 orr:, 76 btes)
[  1.66314]NE: Registered protocol family 1
[   15.821324] pci 0000:00:00.0: Limiting direct PCI/PCI transfers
[   15.824597] pci 0000:00:01.0: Activating ISA DMA hang workarounds
[   15.828034] Unpacking initramfs...

[   16.416768] Freeing initrd memory: 14804K
[   16.452517] RAPL PMU detected, API unit is 2^-32 Joules, 4 fixed counters 10737418240 ms ovfl timer
[   16.509005] hw unit of domain pp0-core 2^-0 Joules
[   16.544374] hw unit of domain package 2^-0 Joules
[   16.549749] hw unit of domain dram 2^-0 Joules
[   16.567551] hw unit of domain pp1-gpu 2^-0 Joules
[   16.598932] platform rtc_cmos: registered platform RTC device (no PNP device found)
[   16.627081] Scanning for low memory corruption every 60 seconds
[   16.656799] audit: initializing netlink subsys (disabled)
[   16.700491] audit: type=2000 audit(1549739457.814:1): initialized
[   16.740062] Initialise system trusted keyring
[   16.782646] HugeTLB registered 2 MB page size, pre-allocated 0 pages
[   16.819632] zbud: loaded
[   16.841546] VFS: Disk quotas dquot_6.6.0
[   16.862515] VFS: Dquot-cache hash table entries: 512 (order 0, 4096 bytes)
[   16.866745] squashfs: version 4.0 (2009/01/31) Phillip Lougher
[   16.878784] fuse init (API version 7.23)
[   16.884314] Key type big_key registered
[   16.900424] Allocating IMA MOK and blacklist keyrings.
[   16.941759] Key type asymmetric registered
[   16.945031] Asymmetric key parser 'x509' registered
[   16.947138] Block layer SCSI generic (bsg) driver version 0.4 loaded (major 249)
[   16.969739] io scheduler noop registered
[   16.990270] io scheduler deadline registered (default)
[   17.008502] io scheduler cfq registered
[   17.019802] pci_hotplug: PCI Hot Plug PCI Core version: 0.5
[   17.029786] pciehp: PCI Express Hot Plug Controller Driver version: 0.4
[   17.034312] ACPI: AC Adapter [AC] (on-line)
[   17.041124] input: Power Button as /devices/LNXSYSTM:00/LNXPWRBN:00/input/input0
[   17.045340] ACPI: Power Button [PWRF]
[   17.055520] input: Sleep Button as /devices/LNXSYSTM:00/LNXSLPBN:00/input/input1
[   17.059832] ACPI: Sleep Button [SLPF]
[   17.063913] ACPI: Battery Slot [BAT0] (battery present)
[   17.068749] GHES: HEST is not enabled!
[   17.072700] Serial: 8250/16550 driver, 32 ports, IRQ sharing enabled
[   17.100700] 00:02: ttyS0 at I/O 0x3f8 (irq = 4, base_baud = 115200) is a 16550A
[   17.113988] Linux agpgart interface v0.103
[   17.146960] loop: module loaded
[   17.167937] scsi host0: ata_piix
[   17.184017] scsi host1: ata_piix
[   17.198899] ata1: PATA max UDMA/33 cmd 0x1f0 ctl 0x3f6 bmdma 0xd000 irq 14
[   17.219929] ata2: PATA max UDMA/33 cmd 0x170 ctl 0x376 bmdma 0xd008 irq 15
[   17.226130] libphy: Fixed MDIO Bus: probed
[   17.233890] tun: Universal TUN/TAP device driver, 1.6
[   17.254067] tun: (C) 1999-2004 Max Krasnyansky <maxk@qualcomm.com>
[   17.292483] PPP generic driver version 2.4.2
[   17.323209] ehci_hcd: USB 2.0 'Enhanced' Host Controller (EHCI) Driver
[   17.347065] ehci-pci: EHCI PCI platform driver
[   17.378562] ehci-platform: EHCI generic platform driver
[   17.402411] ohci_hcd: USB 1.1 'Open' Host Controller (OHCI) Driver
[   17.431356] ohci-pci: OHCI PCI platform driver
[   17.444396] ohci-platform: OHCI generic platform driver
[   17.464888] uhci_hcd: USB Universal Host Controller Interface driver
[   17.516823] i8042: PNP: PS/2 Controller [PNP0303:PS2K,PNP0f03:PS2M] at 0x60,0x64 irq 1,12
[   17.547833] serio: i8042 KBD port at 0x60,0x64 irq 1
[   17.551661] serio: i8042 AUX port at 0x60,0x64 irq 12
[   17.584865] mousedev: PS/2 mouse device common for all mice
[   17.630928] tsc: Refined TSC clocksource calibration: 2393.083 MHz
[   17.668091] clocksource: tsc: mask: 0xffffffffffffffff max_cycles: 0x227eb13fe88, max_idle_ns: 440795242858 ns
[   17.735051] inpt: AT Translated St  kyboard as devicespltfrmi804/sri0/input/input2

[   18.230974] rtc_cmos rtc_cmos: rtc core: registered rtc_cmos as rtc0
[   18.234573] rtc_cmos rtc_cmos: alarms up to one day, 114 bytes nvram
[   18.240530] i2c /dev entries driver
[   18.244723] device-mapper: uevent: version 1.0.3
[   18.273806] device-mapper: ioctl: 4.34.0-ioctl (2015-10-28) initialised: dm-devel@redhat.com
[   18.279117] ledtrig-cpu: registered to indicate activity on CPUs
[   18.282388] NET: Registered protocol family 10
[   18.284640] NET: Registered protocol family 17
[   18.288366] Key type dns_resolver registered
[   18.290795] registered taskstats version 1
[   18.292578] Loading compiled-in X.509 certificates
[   18.297561] Loaded X.509 cert 'Build time autogenerated kernel key: 2b5438463a545abf193c13ead155e0657f6c69dd'
[   18.305921] zswap: loaded using pool lzo/zbud
[   18.310851] Key type trusted registered
[   18.320977] Key type encrypted registered
[   18.333445] AppArmor: AppArmor sha1 policy hashing enabled
[   18.338741] ima: No TPM chip found, activating TPM-bypass!
[   18.340936] ima: Allocated hash algorithm: sha1
[   18.342899] evm: HMAC attrs: 0x1
[   18.345009]   Magic number: 7:283:192
[   18.371972] rtc_cmos rtc_cmos: setting system clock to 2019-02-09 19:11:04 UTC (1549739464)
[   18.431654] BIOS EDD facility v0.16 2004-Jun-25, 0 devices found
[   18.477561] EDD information not available.
[   18.493377] Freeing unused kernel memory: 1528K
[   18.549198] Write protecting the kernel read-only data: 14336k
[   18.557962] Freeing unused kernel memory: 1664K
[   18.562105] Freeing unused kernel memory: 88K
Loading, please wait...
[   18.617640] random: systemd-udevd: uninitialized urandom read (16 bytes read, 7 bits of entropy available)
starting version 229
[   18.618756] random: udevadm: uninitialized urandom read (16 bytes read, 7 bits of entropy available)
[   18.618792] random: udevadm: uninitialized urandom read (16 bytes read, 7 bits of entropy available)
[   18.641379] random: udevadm: uninitialized urandom read (16 bytes read, 7 bits of entropy available)
[   18.641479] random: udevadm: uninitialized urandom read (16 bytes read, 7 bits of entropy available)
[   18.641896] random: udevadm: uninitialized urandom read (16 bytes read, 7 bits of entropy available)
[   18.642032] random: udevadm: uninitialized urandom read (16 bytes read, 7 bits of entropy available)
[   18.642173] random: udevadm: uninitialized urandom read (16 bytes read, 7 bits of entropy available)
[   18.642313] random: udevadm: uninitialized urandom read (16 bytes read, 7 bits of entropy available)
[   18.642448] random: udevadm: uninitialized urandom read (16 bytes read, 7 bits of entropy available)
[   18.823832] Fusion MPT base driver 3.04.20
[   18.832312] Copyright (c) 1999-2008 LSI Corporation
[   18.862289] e1000: Intel(R) PRO/1000 Network Driver - version 7.3.21-k8-NAPI
[   18.865867] e1000: Copyright (c) 1999-2006 Intel Corporation.
[   18.909167] Fusion MPT SPI Host driver 3.04.20
[   18.920737] AVX2 version of gcm_enc/dec engaged.
[   18.921969] mptbase: ioc0: Initiating bringup
[   18.953831] AES CTR mode by8 optimization enabled
[   18.985431] ioc0: LSI53C1030 A0: Capabilities={Initiator}
[   19.850256] input: ImExPS/2 Generic Explorer Mouse as /devices/platform/i8042/serio1/input/input4
[   20.072222] scsi host2: ioc0: LSI53C1030 A0, FwRev=00000000h, Ports=1, MaxQ=256, IRQ=20
[   20.214477] scsi 2:0:0:0: Direct-Access     VBOX     HARDDISK         1.0  PQ: 0 ANSI: 5
[   20.247428] scsi target2:0:0: Beginning Domain Validation
[   20.263462] scsi target2:0:0: Domain Validation skipping write tests
[   20.270535] scsi target2:0:0: Ending Domain Validation
[   20.275969] scsi target2:0:0: asynchronous
[   20.283829] scsi 2:0:1:0: Direct-Access     VBOX     HARDDISK         1.0  PQ: 0 ANSI: 5
[   20.337978] scsi target2:0:1: Beginning Domain Validation
[   20.344425] scsi target2:0:1: Domain Validation skipping write tests
[   20.347822] scsi target2:0:1: Ending Domain Validation
[   20.350983] scsi target2:0:1: asynchronous
[   20.370669] sd 2:0:0:0: Attached scsi generic sg0 type 0
[   20.374915] sd 2:0:0:0: [sda] 20971520 512-byte logical blocks: (10.7 GB/10.0 GiB)
[   20.380691] sd 2:0:1:0: Attached scsi generic sg1 type 0
[   20.390581] sd 2:0:1:0: [sdb] 20480 512-byte logical blocks: (10.5 MB/10.0 MiB)
[   20.415259] sd 2:0:0:0: [sda] Write Protect is off
[   20.418198] sd 2:0:0:0: [sda] Incomplete mode parameter data
[   20.421264] sd 2:0:0:0: [sda] Assuming drive cache: write through
[   20.426517] sd 2:0:1:0: [sdb] Write Protect is off
[   20.429369] sd 2:0:1:0: [sdb] Incomplete mode parameter data
[   20.432393] sd 2:0:1:0: [sdb] Assuming drive cache: write through
[   20.487971]  sda: sda1
[   20.491948] sd 2:0:0:0: [sda] Attached SCSI disk
[   20.505660] sd 2:0:1:0: [sdb] Attached SCSI disk
[   20.704210] e1000 0000:00:03.0 eth0: (PCI:33MHz:32-bit) 02:b4:5c:5b:e6:80
[   20.708425] e1000 0000:00:03.0 eth0: Intel(R) PRO/1000 Network Connection
[   21.152565] e1000 0000:00:08.0 eth1: (PCI:33MHz:32-bit) 08:00:27:f5:4d:76
[   21.163669] e1000 0000:00:08.0 eth1: Intel(R) PRO/1000 Network Connection
[   21.208867] e1000 0000:00:03.0 enp0s3: renamed from eth0
[   21.284935] e1000 0000:00:08.0 enp0s8: renamed from eth1
Begin: Loading essential drivers[   23.733242] md: linear personality registered for level -1
 ... [   23.792915] md: multipath personality registered for level -4
[   23.842671] md: raid0 personality registered for level 0
[   23.856559] md: raid1 personality registered for level 1
[   23.965149] raid6: sse2x1   gen()  2362 MB/s
[   24.085247] raid6: sse2x1   xor()  1562 MB/s
[   24.176998] raid6: sse2x2   gen()  4112 MB/s
[   24.289265] raid6: sse2x2   xor()  2204 MB/s
[   24.381047] raid6: sse2x4   gen()  6250 MB/s
[   24.485514] raid6: sse2x4   xor()  3758 MB/s
[   24.589001] raid6: avx2x1   gen()  4977 MB/s
[   24.657329] raid6: avx2x2   gen()  9033 MB/s
[   24.760836] raid6: avx2x4   gen() 12309 MB/s
[   24.779948] raid6: using algorithm avx2x4 gen() 12309 MB/s
[   24.782136] raid6: using avx2x2 recovery algorithm
[   24.804999] xor: automatically using best checksumming function:
[   24.849179]    avx       : 16130.000 MB/sec
[   24.854488] async_tx: api initialized (async)
[   24.873133] md: raid6 personality registered for level 6
[   24.881954] md: raid5 personality registered for level 5
[   24.884087] md: raid4 personality registered for level 4
[   24.897586] md: raid10 personality registered for level 10
done.
Begin: Running /scripts/init-premount ... done.
Begin: Mounting root file system ... Begin: Running /scripts/local-top ... done.
Begin: Runni[   24.968728] Btrfs loaded
ng /scripts/local-premount ... Scanning for Btrfs filesystems
done.
Warning: fsck not present, so skipping root file system
[   25.081073] EXT4-fs (sda1): mounted filesystem with ordered data mode. Opts: (null)
done.
Begin: Running /scripts/local-bottom ... done.
Begin: Running /scripts/init-bottom ... done.
[   25.700017] systemd[1]: systemd 229 running in system mode. (+PAM +AUDIT +SELINUX +IMA +APPARMOR +SMACK +SYSVINIT +UTMP +LIBCRYPTSETUP +GCRYPT +GNUTLS +ACL +XZ -LZ4 +SECCOMP +BLKID +ELFUTILS +KMOD -IDN)
[   25.737437] systemd[1]: Detected virtualization oracle.
[   25.752384] systemd[1]: Detected architecture x86-64.

Welcome to [1mUbuntu 16.04.5 LTS[0m!

[ 25.32987] systemd[1]: Set hostname to <ubuntu>.
[ 2598337]ysmd1]: niializingmahine ID from random generator.

[   26.473903] systemd[1]: Installed transient /etc/machine-id file.
[   26.478064] random: nonblocking pool is initialized
[   27.70412] systemd[1]: Reached target Encrypted Volumes.
[[0;32m  OK  [0m] Reached target Encrypted Volumes.
[  27.8716] ystemd[1]: Listening on udev ontrl oct.

[[0;32m  OK  [0m] Listening on udev Control Socket.
[   28.39055] stmd1]Listening on LVM2 etadat demn socket.
[[0;32m  OK  [0m] Listening on LVM2 metadata daemon socket.
[   29.046688] systemd[1]: Listening on Journal Socket.
[[0;32m  OK  [0m] Listening on Journal Socket.
[  29.140603] systemd[1]: Listening on Journal Socket (/dev/log).
[[0;32m  OK  [0m] Listening on Journal Socket (/dev/log).
[   29.324844] sstd[]: Listening on udev Kernel Socket.
[[0;32m  OK  [0m] Listening on udev Kernel Socket.
[   29.534277] systemd[1]: Created slice User and Session Slice.
[[0;32m  OK  [0m] Created slice User and Session Slice.
[   29.710959] systemd[1]:Liteningon/dv/inittl CompatbiitNad pe
[[0;32m  OK  [0m] Listening on /dev/initctl Compatibility Named Pipe.
[   30.478942]syted[]:Started Forward Password Requests to Wall Directory Watch.
[[0;32m  OK  [0m] Started Forward Password Requests to Wall Directory Watch.
[   308011] systmd1] Reached tage Sstm meSynchonze.
[[0;32m  OK  [0m] Reached target System Time Synchronized.
[   31.5018] systemd[1]: Listening on Syslog Socket.
[[0;32m  OK  [0m] Listening on Syslog Socket.
[   31.732271] systemd[1]: Reached target Swap.
[[0;32m  OK  [0m] Reached target Swap.
[   31.865] systemd[1]: Listening on LVM2 poll daemon socket.
[[0;32m  OK  [0m] Listening on LVM2 poll daemon socket.
[  32.045541] systmd[1]: Listening on Journal Audit Socket.
[[0;32m  OK  [0m] Listening on Journal Audit Socket.
[   2.49667systemd[1]: Listening on Device-mapper event daemon FIFOs.
[[0;32m  OK  [0m] Listening on Device-mapper event daemon FIFOs.
[   33.161444] systemd[1]: Set up auomunt Arbitrary Executable File Formats File System Automount Point.
[[0;32m  OK  [0m] Set up automount Arbitrary Executab...ats File System Automount Point.
[  3.370956] systemd1] Sared Trigger resolvconf updat fr netword DNS.
[[0;32m  OK  [0m] Started Trigger resolvconf update for networkd DNS.
[   34.027] sstmd[1]: Created slice System Slice.

[[0;32m  OK  [0m] Created slice System Slice.
[   34.349382] systemd[1]: Starting Create list of required static device nodes for the current kernel...
         Starting Create list of required st... nodes for the current kernel...
[   34.465899] systemd[1]: Starting Load Kernel Modules...
         Starting Load Kernel Modules...
[   34.566370] systemd[1]: Mounting Debug File System...
         Mounting Debug File System...
[   34.639647] Loading iSCSI transport class v2.0-870.
[   34.701850] systemd[1]: Starting Remount Root and Kernel File Systems...
         Starting Remount Root and Kernel File Systems...
[   34.744343] EXT4-fs (sda1): re-mounted. Opts: (null)
[   34.744635] systemd[1]: Starting Journal Service...
         Starting Journal[   34.764527] iscsi: registered transport (tcp)
 Service...
[   34.864190] systemd[1]: Created slice system-serial\x2dgetty.slice.
[[0;32m  OK  [0m] Created slice system-serial\x2dgetty.slice.
[   34.926644] systemd[1]: Reached target Slices.
[[0;32m  OK  [0m] Reached target Slices.
[   34.994527] iscsi: registered transport (iser)
[   35.001278] systemd[1]: Mounting Huge Pages File System...
         Mounting Huge Pages File System...
[   35.090083] systemd[1]: Starting Set console keymap...
         Starting Set console keymap...
[   35.201854] systemd[1]: Mounting POSIX Message Queue File System...
         Mounting POSIX Message Queue File System...
[   35.248215] systemd[1]: Starting Monitoring of LVM2 mirrors, snapshots etc. using dmeventd or progress polling...
         Starting Monitoring of LVM2 mirrors... dmeventd or progress polling...
[   35.292438] systemd[1]: Starting Nameserver information manager...
         Starting Nameserver information manager...
[   35.314548] systemd[1]: Starting Uncomplicated firewall...
         Starting Uncomplicated firewall...
[   35.329506] systemd[1]: Reached target User and Group Name Lookups.
[[0;32m  OK  [0m] Reached target User and Group Name Lookups.
[   35.344946] systemd[1]: Mounted Debug File System.
[[0;32m  OK  [0m] Mounted Debug File System.
[   35.352675] systemd[1]: Mounted POSIX Message Queue File System.
[[0;32m  OK  [0m] Mounted POSIX Message Queue File System.
[   35.376783] systemd[1]: Mounted Huge Pages File System.
[[0;32m  OK  [0m] Mounted Huge Pages File System.
[   35.07513] systemd[1]: Started Journal Service.
 [[0;32m  OK  [0m] Started Journal Service.
[[0;32m  OK  [0m] Started Create list of required sta...ce nodes for the current kernel.
[[0;32m  OK  [0m] Started Load Kernel Modules.
[[0;32m  OK  [0m] Started Remount Root and Kernel File Systems.
[[0;32m  OK  [0m] Started Set console keymap.
[[0;32m  OK  [0m] Started Uncomplicated firewall.
[[0;32m  OK  [0m] Started Nameserver information manager.
[[0;32m  OK  [0m] Started LVM2 metadata daemon.
         Starting Load/Save Random Seed...
         Starting udev Coldplug all Devices...
         Mounting FUSE Control File System...
         Starting Apply Kernel Variables...
         Starting Create Static Device Nodes in /dev...
         Starting Flush Journal to Persistent Storage...
[[0;32m  OK  [0m] Mounted FUSE Control File System.
[[0;32m  OK  [0m] Started Load/Save Random Seed.
[[0;32m  OK  [0m] Started Monitoring of LVM2 mirrors,...ng dmeventd or progress polling.
[[0;32m  OK  [0m] Started Apply Kernel Variables.
[[0;32m  OK  [0m] Started Create Static Device Nodes in /dev.
[[0;32m  OK  [0m] Started udev Coldplug all Devices.
         Starting udev Kernel Device Manager...
[[0;32m  OK  [0m] Reached target Local File Systems (Pre).
[[0;32m  OK  [0m] Reached target Local File Systems.
         Starting Initial cloud-init job (pre-networking)...
         Starting Commit a transient machine-id on disk...
         Starting LSB: AppArmor initialization...
         Starting Set console font and keymap...
         Starting Tell Plymouth To Write Out Runtime Data...
[[0;32m  OK  [0m] Started udev Kernel Device Manager.
[[0;32m  OK  [0m] Started Flush Journal to Persistent Storage.
[[0;32m  OK  [0m] Started Commit a transient machine-id on disk.
[[0;32m  OK  [0m] Started Tell Plymouth To Write Out Runtime Data.
         Starting Create Volatile Files and Directories...
[[0;32m  OK  [0m] Started Dispatch Password Requests to Console Directory Watch.
[[0;32m  OK  [0m] Started Create Volatile Files and Directories.
         Starting Update UTMP about System Boot/Shutdown...
[[0;32m  OK  [0m] Started Update UTMP about System Boot/Shutdown.
[[0;32m  OK  [0m] Found device /dev/ttyS0.
[[0;32m  OK  [0m] Listening on Load/Save RF Kill Switch Status /dev/rfkill Watch.
[[0;32m  OK  [0m] Started Set console font and keymap.
[[0;32m  OK  [0m] Created slice system-getty.slice.
[[0;32m  OK  [0m] Started LSB: AppArmor initialization.
[   29.728815] cloud-init[472]: Cloud-init v. 18.4-0ubuntu1~16.04.2 running 'init-local' at Sat, 09 Feb 2019 19:11:28 +0000. Up 28.87 seconds.
[[0;32m  OK  [0m] Started Initial cloud-init job (pre-networking).
[[0;32m  OK  [0m] Reached target Network (Pre).
         Starting Raise network interfaces...
[[0;32m  OK  [0m] Started Raise network interfaces.
         Starting Initial cloud-init job (metadata service crawler)...
[[0;32m  OK  [0m] Reached target Network.
[   33.813468] cloud-init[947]: Cloud-init v. 18.4-0ubuntu1~16.04.2 running 'init' at Sat, 09 Feb 2019 19:11:30 +0000. Up 31.28 seconds.
[   33.829156] cloud-init[947]: ci-info: ++++++++++++++++++++++++++++++++++++++Net device info+++++++++++++++++++++++++++++++++++++++
[   33.845152] cloud-init[947]: ci-info: +--------+-------+----------------------------+---------------+--------+-------------------+
[[0;32m  OK  [0m] Started Initial cloud-init job (metadata service crawler).
[   33.968557] cloud-init[947]: ci-info: | Device |   Up  |          Address           |      Mask     | Scope  |     Hw-Address    |
[   34.075351] cloud-init[947]: ci-info: +--------+-------+----------------------------+---------------+--------+-------------------+
[   34.133589] cloud-init[947]: ci-info: | enp0s3 |  True |         10.0.2.15          | 255.255.255.0 | global | 02:b4:5c:5b:e6:80 |
[   34.149072] cloud-init[947]: ci-info: | enp0s3 |  True | fe80::b4:5cff:fe5b:e680/64 |       .       |  link  | 02:b4:5c:5b:e6:80 |
[[0;32m  OK  [0m] Reached target System Initialization.
[   34.238882] cloud-init[947]: ci-info: | enp0s8 | False |             .              |       .       |   .    | 08:00:27:f5:4d:76 |[[0;32m  OK  [0m] Started Daily apt download activities.
[[0;32m  OK  [0m] Started Daily Cleanup of Temporary Directories.

         [   34.341162] cloud-init[947]: ci-info: |   lo   |  True |         127.0.0.1          |   255.0.0.0   |  host  |         .         |
[   34.341448] cloud-init[947]: ci-info: |   lo   |  True |          ::1/128           |       .       |  host  |         .         |
[   34.341740] cloud-init[947]: ci-info: +--------+-------+----------------------------+---------------+--------+-------------------+
Starting LXD - unix socket.
[   34.344857] cloud-init[947]: ci-info: +++++++++++++++++++++++++++Route IPv4 info++++++++++++++++++++++++++++
         Starting Socket activation for snappy daemon.
[   34.742205] cloud-init[947]: ci-info: +-------+-------------+----------+---------------+-----------+-------+
[   35.069305] [[0;32m  OK  [0m] Started ACPI Events Check.
[[0;32m  OK  [0m] Reached target Paths.
[[0;32m  OK  [0m] Listening on ACPID Listen Socket.
[[0;32m  OK  [0m] Started Daily apt upgrade and clean activities.
[[0;32m  OK  [0m] Reached target Timers.
[[0;32m  OK  [0m] Listening on D-Bus System Message Bus Socket.
[[0;32m  OK  [0m] Listening on UUID daemon activation socket.
[[0;32m  OK  [0m] Reached target Cloud-config availability.
[[0;32m  OK  [0m] Reached target Network is Online.
cloud-init[947]: ci-info: | Route | Destination | Gateway  |    Genmask    | Interface | Flags |
         Starting iSCSI initiator daemon (iscsid)...
[   35.454032] cloud-init[947]: ci-info: +-------+-------------+----------+---------------+-----------+-------+
[   35.574231] [cloud-init[0;32m  OK  [0m[947]: ] ci-info: |   0   |   0.0.0.0   | 10.0.2.2 |    0.0.0.0    |   enp0s3  |   UG  |Listening on LXD - unix socket.

[   35.578574] cloud-init[947]: ci-info: |   1   |   10.0.2.0  | 0.0.0.0  | 255.255.255.0 |   enp0s3  |   U   |
[[0;32m  OK  [0m] Listening on Socket activation for snappy daemon.
[   35.643680] cloud-init[947]: ci-info: +-------+-------------+----------+---------------+-----------+-------+
[   35.753940] cloud-init[947]: ci-info: +++++++++++++++++++Route IPv6 info+++++++++++++++++++
[   35.764647] cloud-init[947]: ci-info: +-------+-------------+---------+-----------+-------+
[   35.770482] [cloud-init[0;32m  OK  [0m[947]: ] ci-info: | Route | Destination | Gateway | Interface | Flags |Reached target Sockets.

[   35.772180] cloud-init[947]: ci-info: +-------+-------------+---------+-----------+-------+
[[0;32m  OK  [0m] Reached target Basic System.
[   35.841220] cloud-init[947]: ci-info: |   0   |  fe80::/64  |    ::   |   enp0s3  |   U   |
[   35.901940] [cloud-init[0;32m  OK  [0m[947]: ] ci-info: |   3   |   ff00::/8  |    ::   |   enp0s3  |   U   |Started ACPI event daemon.

[   35.902616] cloud-init[947]: ci-info: +-------+-------------+---------+-----------+-------+
[   35.997704] cloud-init[947]: Generating public/private rsa key pair.
         Starting Login Service...
[   36.000581] cloud-init[947]: Your identification has been saved in /etc/ssh/ssh_host_rsa_key.
[   36.039666] [cloud-init[0;32m  OK  [0m[947]: ] Your public key has been saved in /etc/ssh/ssh_host_rsa_key.pub.Started Deferred execution scheduler.

[   36.040922] cloud-init[947]: The key fingerprint is:
[   36.104887] cloud-init[947]: SHA256:n5+PRTJ4lgG7e5BsOd0VeKgS3bpuK8vJqFLCQ6Pp0Ok root@ubuntu-xenial         Starting LSB: Record successful boot for GRUB...

[   36.137872]          Starting Pollinate to seed the pseudo random number generator...
cloud-init[947]: The key's randomart image is:
[   36.153924]          cloud-initStarting Virtualbox guest utils...[947]: 
+---[RSA 2048]----+
[   36.158850] [[0;32m  OK  [0m] Started Unattended Upgrades Shutdown.
cloud-init[947]: |          o . o. |
[   36.171808]          Starting /etc/rc.local Compatibility...
cloud-init[947]: |         . + + ..|
[   36.188649]          cloud-initStarting Accounts Service...[947]: 
|          o + . .|
[   36.209069] cloud-init[947]: |   o     o O + . |
[   36.213014] cloud-init[947]: | .=..   S @ O o  |
[   36.240542] [cloud-init[0;32m  OK  [0m[947]: ] |.oo+ .   o O +   |Started Regular background program processing daemon.

[   36.241486] cloud-init[947]: |o.  +     = . .  |
[   36.266680] cloud-init[947]: | .E.    +..= +   |
[   36.271790] cloud-init[947]: |    .... =+.=..  |
[   36.289070] [[0;32m  OK  [0m] Started FUSE filesystem for LXC.
cloud-init[947]: +----[SHA256]-----+
[   36.325808] cloud-init[947]: Generating public/private dsa key pair.
[   36.353414] cloud-init[947]: Your identification has been saved in /etc/ssh/ssh_host_dsa_key.
[   36.421028] cloud-init[947]:          Starting Snappy daemon...
Your public key has been saved in /etc/ssh/ssh_host_dsa_key.pub.
[   36.492513]          cloud-initStarting LSB: MD monitoring daemon...[947]: 
The key fingerprint is:
[[0;32m  OK  [0m] Started D-Bus System Message Bus.
[   36.531150] cloud-init[947]: SHA256:A+2+pXR1RFGJBoc8q736MItCR+/UXi0UcS6nl3Em4Ic root@ubuntu-xenial
[   36.629333] cloud-init[947]: The key's randomart image is:
[   36.648196] cloud-init[947]: +---[DSA 1024]----+
[   36.689051] cloud-init[947]: |          ..+o=+o|
[   36.694465] cloud-init[947]: |       .   =.Bo. |
[   36.728501] cloud-init[947]: |      . .   E.=+o|
[   36.733582] cloud-init[947]: |       +   . ++o+|
[   36.781113] cloud-init[947]: |      . S + o.oo |
[   36.837853] cloud-init[947]: |     . o = + +.. |
[   36.864559] cloud-init[947]: |    . . =o+ o .  |
[   36.886670] cloud-init[947]: |     . ..*+o     |
[   36.900132] cloud-init[947]: |      ..ooo.     |
[   36.949170] cloud-init[947]: +----[SHA256]-----+
[   36.956149] cloud-init[947]: Generating public/private ecdsa key pair.
[   36.989210] cloud-init[947]: Your identification has been saved in /etc/ssh/ssh_host_ecdsa_key.
[   36.997446] cloud-init[947]: Your public key has been saved in /etc/ssh/ssh_host_ecdsa_key.pub.
[   37.007688] cloud-init[947]: The key fingerprint is:
[   37.018509] cloud-init[947]: SHA256:yfkTVEMfWgQi0BlYjDsQa+4jlzD7cXNndyIUVExW5kM root@ubuntu-xenial
[   37.090429] cloud-init[947]: The key's randomart image is:
[   37.101850] cloud-init[947]: +---[ECDSA 256]---+
[   37.134811] cloud-init[947]: |    ...B+oo=O+E  |
[   37.149320] cloud-init[947]: |    ..o +o +.O . |
[   37.153139] cloud-init[947]: |    o. .  o . +  |
[   37.163849] cloud-init[947]: |   o  o. + .   . |
[   37.167671] cloud-init[947]: |  o .  .S o      |
[   37.197263] cloud-init[947]: |   = .   o .     |
[   37.220947] cloud-init[947]: |  o * o . * o .  |
[   37.250678] cloud-init[947]: |   + + o o + o   |
         Starting System Logging Service...
[   37.295317] cloud-init[947]: |    .            |
[   37.337398] cloud-init[947]: +----[SHA256]-----+
[   37.344679]          Starting LXD - container startup/shutdown...
cloud-init[947]: Generating public/private ed25519 key pair.
[   37.350938] [cloud-init[0;32m  OK  [0m[947]: ] Your identification has been saved in /etc/ssh/ssh_host_ed25519_key.Started iSCSI initiator daemon (iscsid).

[   37.428501] cloud-init[947]: Your public key has been saved in /etc/ssh/ssh_host_ed25519_key.pub.
[[0;32m  OK  [0m] Started /etc/rc.local Compatibility.
[   37.432494] cloud-init[947]: The key fingerprint is:
[   37.550820] cloud-init[947]: SHA256:HKvJ/xoSfaQ/Z2gfrWYTzSoQIkKQzZPiXL8GXgQwiWk root@ubuntu-xenial
[   37.597545] cloud-init[947]: The key's randomart image is:
[   37.701642] cloud-init[947]: +--[ED25519 256]--+
[   37.714793] cloud-init[947]: |oOoo.            |
[   37.748359] cloud-init[947]: |=EB. .           |
[   37.754921] cloud-init[947]: |+o..o   . .      |
[   37.796573] cloud-init[947]: | o...o.o.=       |
[   37.856992] cloud-init[947]: |  ..o.o.S..  o   |
[   37.859420] cloud-init[947]: |   . + +.o ...o  |
[   37.859795] cloud-init[947]: |    . = ..= +o.  |
         Starting Login to default iSCSI targets...
[   37.861427] cloud-init[947]: |       o o.==o   |
[[0;32m  OK  [0m] Started Login Service.
[   37.992475] cloud-init[947]: |        oo.+o.   |
[   38.009981] cloud-init[947]: +----[SHA256]-----+
         Starting Authenticate and Authorize Users to Run Privileged Tasks...
[[0;32m  OK  [0m] Started LSB: Record successful boot for GRUB.
[[0;32m  OK  [0m] Started LSB: MD monitoring daemon.
[[0;32m  OK  [0m] Started System Logging Service.
[[0;32m  OK  [0m] Started Login to default iSCSI targets.
[[0;32m  OK  [0m] Reached target Remote File Systems (Pre).
[[0;32m  OK  [0m] Reached target Remote File Systems.
         Starting Permit User Sessions...
         Starting LSB: automatic crash report generation...
         Starting LSB: daemon to balance interrupts for SMP systems...
         Starting LSB: Set the CPU Frequency Scaling governor to "ondemand"...
[[0;32m  OK  [0m] Started Permit User Sessions.
[[0;32m  OK  [0m] Started LSB: Set the CPU Frequency Scaling governor to "ondemand".
         Starting Terminate Plymouth Boot Screen...
         Starting Hold until boot process finishes up...
[[0;32m  OK  [0m] Started Terminate Plymouth Boot Screen.
[[0;32m  OK  [0m] Started Hold until boot process finishes up.
[[0;32m  OK  [0m] Started Virtualbox guest utils.
[[0;32m  OK  [0m] Started LSB: automatic crash report generation.
[[0;32m  OK  [0m] Started Authenticate and Authorize Users to Run Privileged Tasks.
[[0;32m  OK  [0m] Started LSB: daemon to balance interrupts for SMP systems.
[[0;32m  OK  [0m] Started Accounts Service.
[[0;32m  OK  [0m] Started Getty on tty1.
         Starting Set console scheme...
[[0;32m  OK  [0m] Started Serial Getty on ttyS0.
[[0;32m  OK  [0m] Reached target Login Prompts.
[[0;32m  OK  [0m] Started Set console scheme.
[[0;32m  OK  [0m] Started LXD - container startup/shutdown.
[[0;32m  OK  [0m] Started Snappy daemon.
         Starting Wait until snapd is fully seeded...
[[0;32m  OK  [0m] Started Pollinate to seed the pseudo random number generator.
         Starting OpenBSD Secure Shell server...
[[0;32m  OK  [0m] Started OpenBSD Secure Shell server.
[[0;32m  OK  [0m] Created slice User Slice of vagrant.
         Starting User Manager for UID 1000...
[[0;32m  OK  [0m] Started Session 1 of user vagrant.
[[0;32m  OK  [0m] Started User Manager for UID 1000.

Ubuntu 16.04.5 LTS ubuntu-xenial ttyS0

ubuntu-xenial login: [   46.258232] cloud-init[1353]: Generating locales (this might take a while)...
[   49.302779] cloud-init[1353]:   en_US.UTF-8... done
[   49.304178] cloud-init[1353]: Generation complete.
[   50.595359] cloud-init[1353]: Cloud-init v. 18.4-0ubuntu1~16.04.2 running 'modules:config' at Sat, 09 Feb 2019 19:11:44 +0000. Up 45.87 seconds.
ci-info: no authorized ssh keys fingerprints found for user ubuntu.
<14>Feb  9 19:11:51 ec2: 
<14>Feb  9 19:11:51 ec2: #############################################################
<14>Feb  9 19:11:51 ec2: -----BEGIN SSH HOST KEY FINGERPRINTS-----
<14>Feb  9 19:11:51 ec2: 1024 SHA256:A+2+pXR1RFGJBoc8q736MItCR+/UXi0UcS6nl3Em4Ic root@ubuntu-xenial (DSA)
<14>Feb  9 19:11:51 ec2: 256 SHA256:yfkTVEMfWgQi0BlYjDsQa+4jlzD7cXNndyIUVExW5kM root@ubuntu-xenial (ECDSA)
<14>Feb  9 19:11:51 ec2: 256 SHA256:HKvJ/xoSfaQ/Z2gfrWYTzSoQIkKQzZPiXL8GXgQwiWk root@ubuntu-xenial (ED25519)
<14>Feb  9 19:11:51 ec2: 2048 SHA256:n5+PRTJ4lgG7e5BsOd0VeKgS3bpuK8vJqFLCQ6Pp0Ok root@ubuntu-xenial (RSA)
<14>Feb  9 19:11:51 ec2: -----END SSH HOST KEY FINGERPRINTS-----
<14>Feb  9 19:11:51 ec2: #############################################################
-----BEGIN SSH HOST KEY KEYS-----
ecdsa-sha2-nistp256 AAAAE2VjZHNhLXNoYTItbmlzdHAyNTYAAAAIbmlzdHAyNTYAAABBBB/c62LvSBgR127KqRlb5J/uPsECvZpKnf3M0pu/PDHYNSaFNcyGedtopUwqlBg1Rs2hDGBcZ/MIq0lgpeWicck= root@ubuntu-xenial
ssh-ed25519 AAAAC3NzaC1lZDI1NTE5AAAAINidbu5dTQJgYuM8yaNX2VkIRl1/AXHSi4ZF/nV616Jp root@ubuntu-xenial
ssh-rsa AAAAB3NzaC1yc2EAAAADAQABAAABAQC6WARXkKaSjDcFr8G9lJ3UakcbuKUM9YgYd9Z3p8c3vY5ni/09rUbiDyV3rEwJ5Net+L5/Z1Vr2f1RTXpHo8jUAuS6H176mPCMUPC0xTpXyDJF7YmXazmnjXaPhtPzwMxK88tV4TXAFeZNLg8LAAp4/DJZhDwAYjr5/SfD6nMMiIqhjUfTsKfZT1fGgxaQc2bp1hlrazRN4o/828Drc5H+OUOUDzeHhsvfdDtCTlGDKPYDmZttBM1MdhAWlqWJLej3fG6nPj2K3PxqQCtOTreKUaQLGjatTDQ+itDbkVixOOOAQkdnW4RkzEc4ysIQQ9eJ9eWbgmMTeHd6986Qw5Qf root@ubuntu-xenial
-----END SSH HOST KEY KEYS-----
[   52.397006] cloud-init[1505]: Cloud-init v. 18.4-0ubuntu1~16.04.2 running 'modules:final' at Sat, 09 Feb 2019 19:11:50 +0000. Up 51.46 seconds.
[   52.397383] cloud-init[1505]: ci-info: no authorized ssh keys fingerprints found for user ubuntu.
[   52.397675] cloud-init[1505]: Cloud-init v. 18.4-0ubuntu1~16.04.2 finished at Sat, 09 Feb 2019 19:11:51 +0000. Datasource DataSourceNoCloud [seed=/dev/sdb][dsmode=net].  Up 52.37 seconds
